[1/2] STEP 1/7: FROM golang:1.22-alpine AS builder
[1/2] STEP 2/7: WORKDIR /app
--> aa6b48d66219
[1/2] STEP 3/7: RUN apk add --no-cache git
fetch https://dl-cdn.alpinelinux.org/alpine/v3.21/main/x86_64/APKINDEX.tar.gz
fetch https://dl-cdn.alpinelinux.org/alpine/v3.21/community/x86_64/APKINDEX.tar.gz
(1/12) Installing brotli-libs (1.1.0-r2)
(2/12) Installing c-ares (1.34.6-r0)
(3/12) Installing libunistring (1.2-r0)
(4/12) Installing libidn2 (2.3.7-r0)
(5/12) Installing nghttp2-libs (1.69.0-r0)
(6/12) Installing libpsl (0.21.5-r3)
(7/12) Installing zstd-libs (1.5.6-r2)
(8/12) Installing libcurl (8.14.1-r2)
(9/12) Installing libexpat (2.7.5-r0)
(10/12) Installing pcre2 (10.43-r0)
(11/12) Installing git (2.47.3-r0)
(12/12) Installing git-init-template (2.47.3-r0)
Executing busybox-1.37.0-r9.trigger
OK: 19 MiB in 28 packages
--> 5d1ee4848eb3
[1/2] STEP 4/7: COPY go.mod go.sum ./
--> e451b3ab997d
[1/2] STEP 5/7: RUN go mod download
go: go.mod requires go >= 1.25.0 (running go 1.22.12; GOTOOLCHAIN=local)
Error: building at STEP "RUN go mod download": while running runtime: exit status 1

